::1 - - [02/Mar/2021:11:13:45 +0000] "GET /news/wp-includes/wlwmanifest.xml HTTP/1.1" 200 2373 "-" "Mozilla/5.0 (Windows NT 10.0; Win64; x64) AppleWebKit/537.36 (KHTML, like Gecko) Chrome/78.0.3904.108 Safari/537.36"
::ffff:127.0.0.1 - - [02/Mar/2021:11:13:45 +0000] "GET /2018/wp-includes/wlwmanifest.xml HTTP/1.1" 200 2373 "-" "Mozilla/5.0 (Windows NT 10.0; Win64; x64) AppleWebKit/537.36 (KHTML, like Gecko) Chrome/78.0.3904.108 Safari/537.36"
::1 - - [02/Mar/2021:11:13:45 +0000] "GET /2019/wp-includes/wlwmanifest.xml HTTP/1.1" 200 2373 "-" "Mozilla/5.0 (Windows NT 10.0; Win64; x64) AppleWebKit/537.36 (KHTML, like Gecko) Chrome/78.0.3904.108 Safari/537.36"
::ffff:127.0.0.1 - - [02/Mar/2021:11:13:45 +0000] "GET /shop/wp-includes/wlwmanifest.xml HTTP/1.1" 200 2373 "-" "Mozilla/5.0 (Windows NT 10.0; Win64; x64) AppleWebKit/537.36 (KHTML, like Gecko) Chrome/78.0.3904.108 Safari/537.36"
::1 - - [02/Mar/2021:11:13:45 +0000] "GET /wp1/wp-includes/wlwmanifest.xml HTTP/1.1" 200 2373 "-" "Mozilla/5.0 (Windows NT 10.0; Win64; x64) AppleWebKit/537.36 (KHTML, like Gecko) Chrome/78.0.3904.108 Safari/537.36"
::ffff:127.0.0.1 - - [02/Mar/2021:11:13:45 +0000] "GET /test/wp-includes/wlwmanifest.xml HTTP/1.1" 200 2373 "-" "Mozilla/5.0 (Windows NT 10.0; Win64; x64) AppleWebKit/537.36 (KHTML, like Gecko) Chrome/78.0.3904.108 Safari/537.36"
::1 - - [02/Mar/2021:11:13:45 +0000] "GET /media/wp-includes/wlwmanifest.xml HTTP/1.1" 200 2373 "-" "Mozilla/5.0 (Windows NT 10.0; Win64; x64) AppleWebKit/537.36 (KHTML, like Gecko) Chrome/78.0.3904.108 Safari/537.36"
::ffff:127.0.0.1 - - [02/Mar/2021:11:13:45 +0000] "GET /wp2/wp-includes/wlwmanifest.xml HTTP/1.1" 200 2373 "-" "Mozilla/5.0 (Windows NT 10.0; Win64; x64) AppleWebKit/537.36 (KHTML, like Gecko) Chrome/78.0.3904.108 Safari/537.36"
::1 - - [02/Mar/2021:11:13:45 +0000] "GET /site/wp-includes/wlwmanifest.xml HTTP/1.1" 200 2373 "-" "Mozilla/5.0 (Windows NT 10.0; Win64; x64) AppleWebKit/537.36 (KHTML, like Gecko) Chrome/78.0.3904.108 Safari/537.36"
::ffff:127.0.0.1 - - [02/Mar/2021:11:13:46 +0000] "GET /cms/wp-includes/wlwmanifest.xml HTTP/1.1" 200 2373 "-" "Mozilla/5.0 (Windows NT 10.0; Win64; x64) AppleWebKit/537.36 (KHTML, like Gecko) Chrome/78.0.3904.108 Safari/537.36"
::1 - - [02/Mar/2021:11:13:46 +0000] "GET /sito/wp-includes/wlwmanifest.xml HTTP/1.1" 200 2373 "-" "Mozilla/5.0 (Windows NT 10.0; Win64; x64) AppleWebKit/537.36 (KHTML, like Gecko) Chrome/78.0.3904.108 Safari/537.36"
::ffff:127.0.0.1 - - [02/Mar/2021:11:26:54 +0000] "GET / HTTP/1.1" 200 2373 "-" "Mozilla/5.0 (Macintosh; Intel Mac OS X 10_15_7) AppleWebKit/537.36 (KHTML, like Gecko) Chrome/88.0.4324.192 Safari/537.36"
::ffff:127.0.0.1 - - [02/Mar/2021:11:26:54 +0000] "GET /styles/layout.css HTTP/1.1" 200 1774 "http://cascaid.sky4242.com/" "Mozilla/5.0 (Macintosh; Intel Mac OS X 10_15_7) AppleWebKit/537.36 (KHTML, like Gecko) Chrome/88.0.4324.192 Safari/537.36"
::1 - - [02/Mar/2021:11:26:54 +0000] "GET /styles/bootstrap.min.css HTTP/1.1" 200 165946 "http://cascaid.sky4242.com/" "Mozilla/5.0 (Macintosh; Intel Mac OS X 10_15_7) AppleWebKit/537.36 (KHTML, like Gecko) Chrome/88.0.4324.192 Safari/537.36"
::1 - - [02/Mar/2021:11:26:54 +0000] "GET /static/css/2.77ddddf6.chunk.css HTTP/1.1" 200 36820 "http://cascaid.sky4242.com/" "Mozilla/5.0 (Macintosh; Intel Mac OS X 10_15_7) AppleWebKit/537.36 (KHTML, like Gecko) Chrome/88.0.4324.192 Safari/537.36"
::ffff:127.0.0.1 - - [02/Mar/2021:11:26:54 +0000] "GET /styles/custom.css HTTP/1.1" 200 4325 "http://cascaid.sky4242.com/" "Mozilla/5.0 (Macintosh; Intel Mac OS X 10_15_7) AppleWebKit/537.36 (KHTML, like Gecko) Chrome/88.0.4324.192 Safari/537.36"
::ffff:127.0.0.1 - - [02/Mar/2021:11:26:54 +0000] "GET /static/js/main.535d1719.chunk.js HTTP/1.1" 200 112823 "http://cascaid.sky4242.com/" "Mozilla/5.0 (Macintosh; Intel Mac OS X 10_15_7) AppleWebKit/537.36 (KHTML, like Gecko) Chrome/88.0.4324.192 Safari/537.36"
::1 - - [02/Mar/2021:11:26:54 +0000] "GET /static/js/2.ba2896be.chunk.js HTTP/1.1" 200 1119234 "http://cascaid.sky4242.com/" "Mozilla/5.0 (Macintosh; Intel Mac OS X 10_15_7) AppleWebKit/537.36 (KHTML, like Gecko) Chrome/88.0.4324.192 Safari/537.36"
::1 - - [02/Mar/2021:11:26:58 +0000] "GET /images/email-pattern.png HTTP/1.1" 200 2310 "http://cascaid.sky4242.com/styles/layout.css" "Mozilla/5.0 (Macintosh; Intel Mac OS X 10_15_7) AppleWebKit/537.36 (KHTML, like Gecko) Chrome/88.0.4324.192 Safari/537.36"
::ffff:127.0.0.1 - - [02/Mar/2021:11:26:58 +0000] "GET /cascaid-favicon.ico HTTP/1.1" 200 2438 "http://cascaid.sky4242.com/" "Mozilla/5.0 (Macintosh; Intel Mac OS X 10_15_7) AppleWebKit/537.36 (KHTML, like Gecko) Chrome/88.0.4324.192 Safari/537.36"
::1 - - [02/Mar/2021:11:27:00 +0000] "GET /api/impact-area/global HTTP/1.1" 304 - "http://cascaid.sky4242.com/" "Mozilla/5.0 (Macintosh; Intel Mac OS X 10_15_7) AppleWebKit/537.36 (KHTML, like Gecko) Chrome/88.0.4324.192 Safari/537.36"
::ffff:127.0.0.1 - - [02/Mar/2021:11:27:00 +0000] "GET /api/organization-type/ HTTP/1.1" 304 - "http://cascaid.sky4242.com/" "Mozilla/5.0 (Macintosh; Intel Mac OS X 10_15_7) AppleWebKit/537.36 (KHTML, like Gecko) Chrome/88.0.4324.192 Safari/537.36"
::1 - - [02/Mar/2021:11:27:02 +0000] "GET /search/event HTTP/1.1" 200 2373 "http://cascaid.sky4242.com/search/organization" "Mozilla/5.0 (Macintosh; Intel Mac OS X 10_15_7) AppleWebKit/537.36 (KHTML, like Gecko) Chrome/88.0.4324.192 Safari/537.36"
::ffff:127.0.0.1 - - [02/Mar/2021:11:27:02 +0000] "GET /styles/bootstrap.min.css HTTP/1.1" 304 - "http://cascaid.sky4242.com/search/event" "Mozilla/5.0 (Macintosh; Intel Mac OS X 10_15_7) AppleWebKit/537.36 (KHTML, like Gecko) Chrome/88.0.4324.192 Safari/537.36"
::1 - - [02/Mar/2021:11:27:02 +0000] "GET /styles/custom.css HTTP/1.1" 304 - "http://cascaid.sky4242.com/search/event" "Mozilla/5.0 (Macintosh; Intel Mac OS X 10_15_7) AppleWebKit/537.36 (KHTML, like Gecko) Chrome/88.0.4324.192 Safari/537.36"
::ffff:127.0.0.1 - - [02/Mar/2021:11:27:02 +0000] "GET /static/css/2.77ddddf6.chunk.css HTTP/1.1" 304 - "http://cascaid.sky4242.com/search/event" "Mozilla/5.0 (Macintosh; Intel Mac OS X 10_15_7) AppleWebKit/537.36 (KHTML, like Gecko) Chrome/88.0.4324.192 Safari/537.36"
::1 - - [02/Mar/2021:11:27:02 +0000] "GET /static/js/2.ba2896be.chunk.js HTTP/1.1" 304 - "http://cascaid.sky4242.com/search/event" "Mozilla/5.0 (Macintosh; Intel Mac OS X 10_15_7) AppleWebKit/537.36 (KHTML, like Gecko) Chrome/88.0.4324.192 Safari/537.36"
::ffff:127.0.0.1 - - [02/Mar/2021:11:27:02 +0000] "GET /styles/layout.css HTTP/1.1" 304 - "http://cascaid.sky4242.com/search/event" "Mozilla/5.0 (Macintosh; Intel Mac OS X 10_15_7) AppleWebKit/537.36 (KHTML, like Gecko) Chrome/88.0.4324.192 Safari/537.36"
::1 - - [02/Mar/2021:11:27:02 +0000] "GET /static/js/main.535d1719.chunk.js HTTP/1.1" 304 - "http://cascaid.sky4242.com/search/event" "Mozilla/5.0 (Macintosh; Intel Mac OS X 10_15_7) AppleWebKit/537.36 (KHTML, like Gecko) Chrome/88.0.4324.192 Safari/537.36"
::ffff:127.0.0.1 - - [02/Mar/2021:11:27:02 +0000] "GET /api/impact-area/global HTTP/1.1" 304 - "http://cascaid.sky4242.com/" "Mozilla/5.0 (Macintosh; Intel Mac OS X 10_15_7) AppleWebKit/537.36 (KHTML, like Gecko) Chrome/88.0.4324.192 Safari/537.36"
::ffff:127.0.0.1 - - [02/Mar/2021:11:27:03 +0000] "GET /api/events?title=&impactAreas=[] HTTP/1.1" 304 - "http://cascaid.sky4242.com/" "Mozilla/5.0 (Macintosh; Intel Mac OS X 10_15_7) AppleWebKit/537.36 (KHTML, like Gecko) Chrome/88.0.4324.192 Safari/537.36"
::1 - - [02/Mar/2021:11:27:03 +0000] "GET /default-images/default-event-picture.jpg HTTP/1.1" 304 - "http://cascaid.sky4242.com/" "Mozilla/5.0 (Macintosh; Intel Mac OS X 10_15_7) AppleWebKit/537.36 (KHTML, like Gecko) Chrome/88.0.4324.192 Safari/537.36"
::1 - - [02/Mar/2021:11:27:09 +0000] "GET /api/events/603aa7dcc4281c0a6005a556 HTTP/1.1" 200 1295 "http://cascaid.sky4242.com/" "Mozilla/5.0 (Macintosh; Intel Mac OS X 10_15_7) AppleWebKit/537.36 (KHTML, like Gecko) Chrome/88.0.4324.192 Safari/537.36"
::ffff:127.0.0.1 - - [02/Mar/2021:11:27:09 +0000] "GET /uploaded-images/3a0cf7f0-7938-11eb-a43b-a17351eb287032901f57-43da-49a6-8e69-022ac63a59721.png HTTP/1.1" 200 45991 "http://cascaid.sky4242.com/event/details/603aa7dcc4281c0a6005a556" "Mozilla/5.0 (Macintosh; Intel Mac OS X 10_15_7) AppleWebKit/537.36 (KHTML, like Gecko) Chrome/88.0.4324.192 Safari/537.36"
::1 - - [02/Mar/2021:11:27:09 +0000] "GET /default-images/default-organization-profile-picture.png HTTP/1.1" 304 - "http://cascaid.sky4242.com/" "Mozilla/5.0 (Macintosh; Intel Mac OS X 10_15_7) AppleWebKit/537.36 (KHTML, like Gecko) Chrome/88.0.4324.192 Safari/537.36"
::ffff:127.0.0.1 - - [02/Mar/2021:11:27:30 +0000] "GET /api/impact-area/global HTTP/1.1" 304 - "http://cascaid.sky4242.com/" "Mozilla/5.0 (Macintosh; Intel Mac OS X 10_15_7) AppleWebKit/537.36 (KHTML, like Gecko) Chrome/88.0.4324.192 Safari/537.36"
::1 - - [02/Mar/2021:11:27:30 +0000] "GET /api/organization-type/ HTTP/1.1" 304 - "http://cascaid.sky4242.com/" "Mozilla/5.0 (Macintosh; Intel Mac OS X 10_15_7) AppleWebKit/537.36 (KHTML, like Gecko) Chrome/88.0.4324.192 Safari/537.36"
::ffff:127.0.0.1 - - [02/Mar/2021:11:27:36 +0000] "GET /search/event HTTP/1.1" 304 - "http://cascaid.sky4242.com/search/organization" "Mozilla/5.0 (Macintosh; Intel Mac OS X 10_15_7) AppleWebKit/537.36 (KHTML, like Gecko) Chrome/88.0.4324.192 Safari/537.36"
::1 - - [02/Mar/2021:11:27:36 +0000] "GET /styles/bootstrap.min.css HTTP/1.1" 304 - "http://cascaid.sky4242.com/search/event" "Mozilla/5.0 (Macintosh; Intel Mac OS X 10_15_7) AppleWebKit/537.36 (KHTML, like Gecko) Chrome/88.0.4324.192 Safari/537.36"
::ffff:127.0.0.1 - - [02/Mar/2021:11:27:36 +0000] "GET /styles/custom.css HTTP/1.1" 304 - "http://cascaid.sky4242.com/search/event" "Mozilla/5.0 (Macintosh; Intel Mac OS X 10_15_7) AppleWebKit/537.36 (KHTML, like Gecko) Chrome/88.0.4324.192 Safari/537.36"
::1 - - [02/Mar/2021:11:27:36 +0000] "GET /styles/layout.css HTTP/1.1" 304 - "http://cascaid.sky4242.com/search/event" "Mozilla/5.0 (Macintosh; Intel Mac OS X 10_15_7) AppleWebKit/537.36 (KHTML, like Gecko) Chrome/88.0.4324.192 Safari/537.36"
::ffff:127.0.0.1 - - [02/Mar/2021:11:27:36 +0000] "GET /static/js/2.ba2896be.chunk.js HTTP/1.1" 304 - "http://cascaid.sky4242.com/search/event" "Mozilla/5.0 (Macintosh; Intel Mac OS X 10_15_7) AppleWebKit/537.36 (KHTML, like Gecko) Chrome/88.0.4324.192 Safari/537.36"
::1 - - [02/Mar/2021:11:27:36 +0000] "GET /static/js/main.535d1719.chunk.js HTTP/1.1" 304 - "http://cascaid.sky4242.com/search/event" "Mozilla/5.0 (Macintosh; Intel Mac OS X 10_15_7) AppleWebKit/537.36 (KHTML, like Gecko) Chrome/88.0.4324.192 Safari/537.36"
::ffff:127.0.0.1 - - [02/Mar/2021:11:27:36 +0000] "GET /static/css/2.77ddddf6.chunk.css HTTP/1.1" 304 - "http://cascaid.sky4242.com/search/event" "Mozilla/5.0 (Macintosh; Intel Mac OS X 10_15_7) AppleWebKit/537.36 (KHTML, like Gecko) Chrome/88.0.4324.192 Safari/537.36"
::1 - - [02/Mar/2021:11:27:36 +0000] "GET /api/impact-area/global HTTP/1.1" 304 - "http://cascaid.sky4242.com/" "Mozilla/5.0 (Macintosh; Intel Mac OS X 10_15_7) AppleWebKit/537.36 (KHTML, like Gecko) Chrome/88.0.4324.192 Safari/537.36"
::1 - - [02/Mar/2021:11:27:37 +0000] "GET /api/events?title=&impactAreas=[] HTTP/1.1" 304 - "http://cascaid.sky4242.com/" "Mozilla/5.0 (Macintosh; Intel Mac OS X 10_15_7) AppleWebKit/537.36 (KHTML, like Gecko) Chrome/88.0.4324.192 Safari/537.36"
::ffff:127.0.0.1 - - [02/Mar/2021:11:27:38 +0000] "GET /default-images/default-event-picture.jpg HTTP/1.1" 304 - "http://cascaid.sky4242.com/" "Mozilla/5.0 (Macintosh; Intel Mac OS X 10_15_7) AppleWebKit/537.36 (KHTML, like Gecko) Chrome/88.0.4324.192 Safari/537.36"
::ffff:127.0.0.1 - - [02/Mar/2021:11:27:48 +0000] "GET /api/events/603a68e8c4281c0a6005a471 HTTP/1.1" 200 9845 "http://cascaid.sky4242.com/" "Mozilla/5.0 (Macintosh; Intel Mac OS X 10_15_7) AppleWebKit/537.36 (KHTML, like Gecko) Chrome/88.0.4324.192 Safari/537.36"
::1 - - [02/Mar/2021:11:27:49 +0000] "GET /uploaded-images/b46c22d0-7912-11eb-a43b-a17351eb287053f1691e-5722-447e-9efb-ebf9ee1369913.jpeg HTTP/1.1" 200 1175011 "http://cascaid.sky4242.com/event/details/603a68e8c4281c0a6005a471" "Mozilla/5.0 (Macintosh; Intel Mac OS X 10_15_7) AppleWebKit/537.36 (KHTML, like Gecko) Chrome/88.0.4324.192 Safari/537.36"
::ffff:127.0.0.1 - - [02/Mar/2021:11:27:49 +0000] "GET /uploaded-images/b46a2700-7912-11eb-a43b-a17351eb2870c496ca17-6a97-4a6e-b772-d8f32e0a9a772.jpeg HTTP/1.1" 200 2071943 "http://cascaid.sky4242.com/event/details/603a68e8c4281c0a6005a471" "Mozilla/5.0 (Macintosh; Intel Mac OS X 10_15_7) AppleWebKit/537.36 (KHTML, like Gecko) Chrome/88.0.4324.192 Safari/537.36"
::1 - - [02/Mar/2021:11:27:49 +0000] "GET /uploaded-images/b460b120-7912-11eb-a43b-a17351eb28702f254d62-38d6-45cf-b5af-83c13b433da31.jpeg HTTP/1.1" 200 4361139 "http://cascaid.sky4242.com/event/details/603a68e8c4281c0a6005a471" "Mozilla/5.0 (Macintosh; Intel Mac OS X 10_15_7) AppleWebKit/537.36 (KHTML, like Gecko) Chrome/88.0.4324.192 Safari/537.36"
::ffff:127.0.0.1 - - [02/Mar/2021:11:27:49 +0000] "GET /uploaded-images/2cd359b0-77fa-11eb-a8c3-49769d31433895900867-9db4-41ec-8ff5-c91869fc0de91.jpeg HTTP/1.1" 200 4990873 "http://cascaid.sky4242.com/event/details/603a68e8c4281c0a6005a471" "Mozilla/5.0 (Macintosh; Intel Mac OS X 10_15_7) AppleWebKit/537.36 (KHTML, like Gecko) Chrome/88.0.4324.192 Safari/537.36"
::1 - - [02/Mar/2021:11:27:51 +0000] "GET /api/impact-area/global HTTP/1.1" 304 - "http://cascaid.sky4242.com/" "Mozilla/5.0 (Macintosh; Intel Mac OS X 10_15_7) AppleWebKit/537.36 (KHTML, like Gecko) Chrome/88.0.4324.192 Safari/537.36"
::1 - - [02/Mar/2021:11:27:52 +0000] "GET /api/events/603aa485c4281c0a6005a54b HTTP/1.1" 200 1406 "http://cascaid.sky4242.com/" "Mozilla/5.0 (Macintosh; Intel Mac OS X 10_15_7) AppleWebKit/537.36 (KHTML, like Gecko) Chrome/88.0.4324.192 Safari/537.36"
::ffff:127.0.0.1 - - [02/Mar/2021:11:27:52 +0000] "GET /uploaded-images/3c903250-7936-11eb-a43b-a17351eb28708a5fbee3-a129-4e6c-a9e3-cab7fe59cc461.png HTTP/1.1" 200 930574 "http://cascaid.sky4242.com/event/details/603aa485c4281c0a6005a54b" "Mozilla/5.0 (Macintosh; Intel Mac OS X 10_15_7) AppleWebKit/537.36 (KHTML, like Gecko) Chrome/88.0.4324.192 Safari/537.36"
::1 - - [02/Mar/2021:11:27:53 +0000] "GET /default-images/default-organization-profile-picture.png HTTP/1.1" 304 - "http://cascaid.sky4242.com/" "Mozilla/5.0 (Macintosh; Intel Mac OS X 10_15_7) AppleWebKit/537.36 (KHTML, like Gecko) Chrome/88.0.4324.192 Safari/537.36"
::ffff:127.0.0.1 - - [02/Mar/2021:11:28:31 +0000] "GET /api/users/search/n HTTP/1.1" 200 60411 "http://cascaid.sky4242.com/" "Mozilla/5.0 (Macintosh; Intel Mac OS X 10_15_7) AppleWebKit/537.36 (KHTML, like Gecko) Chrome/88.0.4324.192 Safari/537.36"
::1 - - [02/Mar/2021:11:28:33 +0000] "GET /api/users/search/nz HTTP/1.1" 200 842 "http://cascaid.sky4242.com/" "Mozilla/5.0 (Macintosh; Intel Mac OS X 10_15_7) AppleWebKit/537.36 (KHTML, like Gecko) Chrome/88.0.4324.192 Safari/537.36"
::ffff:127.0.0.1 - - [02/Mar/2021:11:28:34 +0000] "GET /api/users/search/nzc HTTP/1.1" 200 211 "http://cascaid.sky4242.com/" "Mozilla/5.0 (Macintosh; Intel Mac OS X 10_15_7) AppleWebKit/537.36 (KHTML, like Gecko) Chrome/88.0.4324.192 Safari/537.36"
::1 - - [02/Mar/2021:11:28:34 +0000] "GET /api/users/organization/603891dc923a7c931e20c8ce/public-info HTTP/1.1" 200 3642 "http://cascaid.sky4242.com/" "Mozilla/5.0 (Macintosh; Intel Mac OS X 10_15_7) AppleWebKit/537.36 (KHTML, like Gecko) Chrome/88.0.4324.192 Safari/537.36"
::1 - - [02/Mar/2021:11:28:38 +0000] "GET /api/users/search/NZC HTTP/1.1" 200 211 "http://cascaid.sky4242.com/" "Mozilla/5.0 (Macintosh; Intel Mac OS X 10_15_7) AppleWebKit/537.36 (KHTML, like Gecko) Chrome/88.0.4324.192 Safari/537.36"
::ffff:127.0.0.1 - - [02/Mar/2021:11:28:38 +0000] "GET /organization/details/603aa40cc4281c0a6005a53f HTTP/1.1" 200 2373 "-" "Mozilla/5.0 (Macintosh; Intel Mac OS X 10_15_7) AppleWebKit/537.36 (KHTML, like Gecko) Chrome/88.0.4324.192 Safari/537.36"
::ffff:127.0.0.1 - - [02/Mar/2021:11:28:38 +0000] "GET /styles/bootstrap.min.css HTTP/1.1" 304 - "http://cascaid.sky4242.com/organization/details/603aa40cc4281c0a6005a53f" "Mozilla/5.0 (Macintosh; Intel Mac OS X 10_15_7) AppleWebKit/537.36 (KHTML, like Gecko) Chrome/88.0.4324.192 Safari/537.36"
::1 - - [02/Mar/2021:11:28:38 +0000] "GET /styles/custom.css HTTP/1.1" 304 - "http://cascaid.sky4242.com/organization/details/603aa40cc4281c0a6005a53f" "Mozilla/5.0 (Macintosh; Intel Mac OS X 10_15_7) AppleWebKit/537.36 (KHTML, like Gecko) Chrome/88.0.4324.192 Safari/537.36"
::ffff:127.0.0.1 - - [02/Mar/2021:11:28:38 +0000] "GET /static/js/2.ba2896be.chunk.js HTTP/1.1" 304 - "http://cascaid.sky4242.com/organization/details/603aa40cc4281c0a6005a53f" "Mozilla/5.0 (Macintosh; Intel Mac OS X 10_15_7) AppleWebKit/537.36 (KHTML, like Gecko) Chrome/88.0.4324.192 Safari/537.36"
::1 - - [02/Mar/2021:11:28:38 +0000] "GET /styles/layout.css HTTP/1.1" 304 - "http://cascaid.sky4242.com/organization/details/603aa40cc4281c0a6005a53f" "Mozilla/5.0 (Macintosh; Intel Mac OS X 10_15_7) AppleWebKit/537.36 (KHTML, like Gecko) Chrome/88.0.4324.192 Safari/537.36"
::ffff:127.0.0.1 - - [02/Mar/2021:11:28:38 +0000] "GET /static/css/2.77ddddf6.chunk.css HTTP/1.1" 304 - "http://cascaid.sky4242.com/organization/details/603aa40cc4281c0a6005a53f" "Mozilla/5.0 (Macintosh; Intel Mac OS X 10_15_7) AppleWebKit/537.36 (KHTML, like Gecko) Chrome/88.0.4324.192 Safari/537.36"
::1 - - [02/Mar/2021:11:28:38 +0000] "GET /static/js/main.535d1719.chunk.js HTTP/1.1" 304 - "http://cascaid.sky4242.com/organization/details/603aa40cc4281c0a6005a53f" "Mozilla/5.0 (Macintosh; Intel Mac OS X 10_15_7) AppleWebKit/537.36 (KHTML, like Gecko) Chrome/88.0.4324.192 Safari/537.36"
::ffff:127.0.0.1 - - [02/Mar/2021:11:28:38 +0000] "GET /api/users/organization/603aa40cc4281c0a6005a53f/public-info HTTP/1.1" 200 587 "http://cascaid.sky4242.com/" "Mozilla/5.0 (Macintosh; Intel Mac OS X 10_15_7) AppleWebKit/537.36 (KHTML, like Gecko) Chrome/88.0.4324.192 Safari/537.36"
::1 - - [02/Mar/2021:11:28:38 +0000] "GET /images/email-pattern.png HTTP/1.1" 304 - "http://cascaid.sky4242.com/styles/layout.css" "Mozilla/5.0 (Macintosh; Intel Mac OS X 10_15_7) AppleWebKit/537.36 (KHTML, like Gecko) Chrome/88.0.4324.192 Safari/537.36"
::ffff:127.0.0.1 - - [02/Mar/2021:11:28:38 +0000] "GET /default-images/default-organization-profile-picture.png HTTP/1.1" 304 - "http://cascaid.sky4242.com/" "Mozilla/5.0 (Macintosh; Intel Mac OS X 10_15_7) AppleWebKit/537.36 (KHTML, like Gecko) Chrome/88.0.4324.192 Safari/537.36"
::1 - - [02/Mar/2021:11:29:00 +0000] "GET /styles/bootstrap.min.css HTTP/1.1" 304 - "http://cascaid.sky4242.com/organization/details/603aa40cc4281c0a6005a53f" "Mozilla/5.0 (Macintosh; Intel Mac OS X 10_15_7) AppleWebKit/537.36 (KHTML, like Gecko) Chrome/88.0.4324.192 Safari/537.36"
::ffff:127.0.0.1 - - [02/Mar/2021:11:29:00 +0000] "GET /styles/layout.css HTTP/1.1" 304 - "http://cascaid.sky4242.com/organization/details/603aa40cc4281c0a6005a53f" "Mozilla/5.0 (Macintosh; Intel Mac OS X 10_15_7) AppleWebKit/537.36 (KHTML, like Gecko) Chrome/88.0.4324.192 Safari/537.36"
::1 - - [02/Mar/2021:11:29:00 +0000] "GET /static/css/2.77ddddf6.chunk.css HTTP/1.1" 304 - "http://cascaid.sky4242.com/organization/details/603aa40cc4281c0a6005a53f" "Mozilla/5.0 (Macintosh; Intel Mac OS X 10_15_7) AppleWebKit/537.36 (KHTML, like Gecko) Chrome/88.0.4324.192 Safari/537.36"
::ffff:127.0.0.1 - - [02/Mar/2021:11:29:00 +0000] "GET /styles/custom.css HTTP/1.1" 304 - "http://cascaid.sky4242.com/organization/details/603aa40cc4281c0a6005a53f" "Mozilla/5.0 (Macintosh; Intel Mac OS X 10_15_7) AppleWebKit/537.36 (KHTML, like Gecko) Chrome/88.0.4324.192 Safari/537.36"
::ffff:127.0.0.1 - - [02/Mar/2021:11:29:00 +0000] "GET /manifest.json HTTP/1.1" 200 492 "http://cascaid.sky4242.com/organization/details/603aa40cc4281c0a6005a53f" "Mozilla/5.0 (Macintosh; Intel Mac OS X 10_15_7) AppleWebKit/537.36 (KHTML, like Gecko) Chrome/88.0.4324.192 Safari/537.36"
::1 - - [02/Mar/2021:11:29:00 +0000] "GET /static/js/main.535d1719.chunk.js.map HTTP/1.1" 200 364558 "-" "Mozilla/5.0 (Macintosh; Intel Mac OS X 10_15_7) AppleWebKit/537.36 (KHTML, like Gecko) Chrome/88.0.4324.192 Safari/537.36"
::1 - - [02/Mar/2021:11:29:00 +0000] "GET /static/js/2.ba2896be.chunk.js.map HTTP/1.1" 200 6516834 "-" "Mozilla/5.0 (Macintosh; Intel Mac OS X 10_15_7) AppleWebKit/537.36 (KHTML, like Gecko) Chrome/88.0.4324.192 Safari/537.36"
::ffff:127.0.0.1 - - [02/Mar/2021:11:29:00 +0000] "GET /static/css/2.77ddddf6.chunk.css.map HTTP/1.1" 200 39131 "-" "Mozilla/5.0 (Macintosh; Intel Mac OS X 10_15_7) AppleWebKit/537.36 (KHTML, like Gecko) Chrome/88.0.4324.192 Safari/537.36"
::1 - - [02/Mar/2021:11:29:49 +0000] "GET /api/users/603aa40cc4281c0a6005a53f HTTP/1.1" 401 1909 "-" "Mozilla/5.0 (Macintosh; Intel Mac OS X 10_15_7) AppleWebKit/537.36 (KHTML, like Gecko) Chrome/88.0.4324.192 Safari/537.36"
::ffff:127.0.0.1 - - [02/Mar/2021:11:35:15 +0000] "GET /config/getuser?index=0 HTTP/1.1" 200 2373 "-" "Mozilla/5.0 (X11; Ubuntu; Linux x86_64; rv:76.0) Gecko/20100101 Firefox/76.0"
::1 - - [02/Mar/2021:12:03:21 +0000] "GET /api/impact-area/global HTTP/1.1" 200 8156 "http://localhost:3000/" "Mozilla/5.0 (Macintosh; Intel Mac OS X 10_15_7) AppleWebKit/537.36 (KHTML, like Gecko) Chrome/88.0.4324.192 Safari/537.36"
::ffff:127.0.0.1 - - [02/Mar/2021:12:03:21 +0000] "GET /api/organization-type/ HTTP/1.1" 200 1861 "http://localhost:3000/" "Mozilla/5.0 (Macintosh; Intel Mac OS X 10_15_7) AppleWebKit/537.36 (KHTML, like Gecko) Chrome/88.0.4324.192 Safari/537.36"
::1 - - [02/Mar/2021:12:03:26 +0000] "GET /api/users/organization?impactAreas=[]&organizationTypes=[] HTTP/1.1" 200 1215651 "http://localhost:3000/" "Mozilla/5.0 (Macintosh; Intel Mac OS X 10_15_7) AppleWebKit/537.36 (KHTML, like Gecko) Chrome/88.0.4324.192 Safari/537.36"
::ffff:127.0.0.1 - - [02/Mar/2021:12:03:27 +0000] "GET /default-images/default-organization-profile-picture.png HTTP/1.1" 304 - "http://localhost:3000/" "Mozilla/5.0 (Macintosh; Intel Mac OS X 10_15_7) AppleWebKit/537.36 (KHTML, like Gecko) Chrome/88.0.4324.192 Safari/537.36"
::1 - - [02/Mar/2021:12:03:48 +0000] "GET /api/impact-area/global HTTP/1.1" 304 - "http://localhost:3000/" "Mozilla/5.0 (Macintosh; Intel Mac OS X 10_15_7) AppleWebKit/537.36 (KHTML, like Gecko) Chrome/88.0.4324.192 Safari/537.36"
::ffff:127.0.0.1 - - [02/Mar/2021:12:03:48 +0000] "GET /api/organization-type/ HTTP/1.1" 304 - "http://localhost:3000/" "Mozilla/5.0 (Macintosh; Intel Mac OS X 10_15_7) AppleWebKit/537.36 (KHTML, like Gecko) Chrome/88.0.4324.192 Safari/537.36"
::1 - - [02/Mar/2021:12:03:58 +0000] "GET /api/impact-area/global HTTP/1.1" 304 - "http://localhost:3000/" "Mozilla/5.0 (Macintosh; Intel Mac OS X 10_15_7) AppleWebKit/537.36 (KHTML, like Gecko) Chrome/88.0.4324.192 Safari/537.36"
::ffff:127.0.0.1 - - [02/Mar/2021:12:03:58 +0000] "GET /api/organization-type/ HTTP/1.1" 304 - "http://localhost:3000/" "Mozilla/5.0 (Macintosh; Intel Mac OS X 10_15_7) AppleWebKit/537.36 (KHTML, like Gecko) Chrome/88.0.4324.192 Safari/537.36"
::1 - - [02/Mar/2021:12:05:21 +0000] "GET /api/organization-type/ HTTP/1.1" 200 1861 "http://localhost:3000/" "Mozilla/5.0 (Macintosh; Intel Mac OS X 10_15_7) AppleWebKit/537.36 (KHTML, like Gecko) Chrome/88.0.4324.192 Safari/537.36"
::ffff:127.0.0.1 - - [02/Mar/2021:12:05:21 +0000] "GET /api/impact-area/global HTTP/1.1" 200 8156 "http://localhost:3000/" "Mozilla/5.0 (Macintosh; Intel Mac OS X 10_15_7) AppleWebKit/537.36 (KHTML, like Gecko) Chrome/88.0.4324.192 Safari/537.36"
::1 - - [02/Mar/2021:12:05:27 +0000] "GET /api/impact-area/global HTTP/1.1" 200 8156 "http://localhost:3000/" "Mozilla/5.0 (Macintosh; Intel Mac OS X 10_15_7) AppleWebKit/537.36 (KHTML, like Gecko) Chrome/88.0.4324.192 Safari/537.36"
::ffff:127.0.0.1 - - [02/Mar/2021:12:05:27 +0000] "GET /api/organization-type/ HTTP/1.1" 200 1861 "http://localhost:3000/" "Mozilla/5.0 (Macintosh; Intel Mac OS X 10_15_7) AppleWebKit/537.36 (KHTML, like Gecko) Chrome/88.0.4324.192 Safari/537.36"
::1 - - [02/Mar/2021:12:06:06 +0000] "GET /api/impact-area/global HTTP/1.1" 304 - "http://localhost:3000/" "Mozilla/5.0 (Macintosh; Intel Mac OS X 10_15_7) AppleWebKit/537.36 (KHTML, like Gecko) Chrome/88.0.4324.192 Safari/537.36"
::ffff:127.0.0.1 - - [02/Mar/2021:12:06:06 +0000] "GET /api/organization-type/ HTTP/1.1" 304 - "http://localhost:3000/" "Mozilla/5.0 (Macintosh; Intel Mac OS X 10_15_7) AppleWebKit/537.36 (KHTML, like Gecko) Chrome/88.0.4324.192 Safari/537.36"
::1 - - [02/Mar/2021:12:21:48 +0000] "GET / HTTP/1.1" 200 2373 "-" "Mozilla/5.0 (Windows NT 10.0; Win64; x64) AppleWebKit/537.36 (KHTML, like Gecko) Chrome/88.0.4240.193 Safari/537.36"
::ffff:127.0.0.1 - - [02/Mar/2021:12:21:48 +0000] "GET / HTTP/1.1" 200 2373 "-" "Mozilla/5.0 (Windows NT 10.0; Win64; x64) AppleWebKit/537.36 (KHTML, like Gecko) Chrome/88.0.4240.193 Safari/537.36"
::1 - - [02/Mar/2021:12:21:49 +0000] "GET /wp-includes/wlwmanifest.xml HTTP/1.1" 200 2373 "-" "Mozilla/5.0 (Windows NT 10.0; Win64; x64) AppleWebKit/537.36 (KHTML, like Gecko) Chrome/88.0.4240.193 Safari/537.36"
::ffff:127.0.0.1 - - [02/Mar/2021:12:21:49 +0000] "GET /xmlrpc.php?rsd HTTP/1.1" 200 2373 "-" "Mozilla/5.0 (Windows NT 10.0; Win64; x64) AppleWebKit/537.36 (KHTML, like Gecko) Chrome/88.0.4240.193 Safari/537.36"
::1 - - [02/Mar/2021:12:21:49 +0000] "GET / HTTP/1.1" 200 2373 "-" "Mozilla/5.0 (Windows NT 10.0; Win64; x64) AppleWebKit/537.36 (KHTML, like Gecko) Chrome/88.0.4240.193 Safari/537.36"
::ffff:127.0.0.1 - - [02/Mar/2021:12:21:50 +0000] "GET /blog/wp-includes/wlwmanifest.xml HTTP/1.1" 200 2373 "-" "Mozilla/5.0 (Windows NT 10.0; Win64; x64) AppleWebKit/537.36 (KHTML, like Gecko) Chrome/88.0.4240.193 Safari/537.36"
::1 - - [02/Mar/2021:12:21:50 +0000] "GET /web/wp-includes/wlwmanifest.xml HTTP/1.1" 200 2373 "-" "Mozilla/5.0 (Windows NT 10.0; Win64; x64) AppleWebKit/537.36 (KHTML, like Gecko) Chrome/88.0.4240.193 Safari/537.36"
::ffff:127.0.0.1 - - [02/Mar/2021:12:21:50 +0000] "GET /wordpress/wp-includes/wlwmanifest.xml HTTP/1.1" 200 2373 "-" "Mozilla/5.0 (Windows NT 10.0; Win64; x64) AppleWebKit/537.36 (KHTML, like Gecko) Chrome/88.0.4240.193 Safari/537.36"
::1 - - [02/Mar/2021:12:21:51 +0000] "GET /website/wp-includes/wlwmanifest.xml HTTP/1.1" 200 2373 "-" "Mozilla/5.0 (Windows NT 10.0; Win64; x64) AppleWebKit/537.36 (KHTML, like Gecko) Chrome/88.0.4240.193 Safari/537.36"
::ffff:127.0.0.1 - - [02/Mar/2021:12:21:51 +0000] "GET /wp/wp-includes/wlwmanifest.xml HTTP/1.1" 200 2373 "-" "Mozilla/5.0 (Windows NT 10.0; Win64; x64) AppleWebKit/537.36 (KHTML, like Gecko) Chrome/88.0.4240.193 Safari/537.36"
::1 - - [02/Mar/2021:12:21:51 +0000] "GET /news/wp-includes/wlwmanifest.xml HTTP/1.1" 200 2373 "-" "Mozilla/5.0 (Windows NT 10.0; Win64; x64) AppleWebKit/537.36 (KHTML, like Gecko) Chrome/88.0.4240.193 Safari/537.36"
::ffff:127.0.0.1 - - [02/Mar/2021:12:21:52 +0000] "GET /2020/wp-includes/wlwmanifest.xml HTTP/1.1" 200 2373 "-" "Mozilla/5.0 (Windows NT 10.0; Win64; x64) AppleWebKit/537.36 (KHTML, like Gecko) Chrome/88.0.4240.193 Safari/537.36"
::1 - - [02/Mar/2021:12:21:52 +0000] "GET /2019/wp-includes/wlwmanifest.xml HTTP/1.1" 200 2373 "-" "Mozilla/5.0 (Windows NT 10.0; Win64; x64) AppleWebKit/537.36 (KHTML, like Gecko) Chrome/88.0.4240.193 Safari/537.36"
::ffff:127.0.0.1 - - [02/Mar/2021:12:21:52 +0000] "GET /shop/wp-includes/wlwmanifest.xml HTTP/1.1" 200 2373 "-" "Mozilla/5.0 (Windows NT 10.0; Win64; x64) AppleWebKit/537.36 (KHTML, like Gecko) Chrome/88.0.4240.193 Safari/537.36"
::1 - - [02/Mar/2021:12:21:53 +0000] "GET /wp1/wp-includes/wlwmanifest.xml HTTP/1.1" 200 2373 "-" "Mozilla/5.0 (Windows NT 10.0; Win64; x64) AppleWebKit/537.36 (KHTML, like Gecko) Chrome/88.0.4240.193 Safari/537.36"
::ffff:127.0.0.1 - - [02/Mar/2021:12:21:53 +0000] "GET /test/wp-includes/wlwmanifest.xml HTTP/1.1" 200 2373 "-" "Mozilla/5.0 (Windows NT 10.0; Win64; x64) AppleWebKit/537.36 (KHTML, like Gecko) Chrome/88.0.4240.193 Safari/537.36"
::1 - - [02/Mar/2021:12:21:53 +0000] "GET /wp2/wp-includes/wlwmanifest.xml HTTP/1.1" 200 2373 "-" "Mozilla/5.0 (Windows NT 10.0; Win64; x64) AppleWebKit/537.36 (KHTML, like Gecko) Chrome/88.0.4240.193 Safari/537.36"
::ffff:127.0.0.1 - - [02/Mar/2021:12:21:54 +0000] "GET /site/wp-includes/wlwmanifest.xml HTTP/1.1" 200 2373 "-" "Mozilla/5.0 (Windows NT 10.0; Win64; x64) AppleWebKit/537.36 (KHTML, like Gecko) Chrome/88.0.4240.193 Safari/537.36"
::1 - - [02/Mar/2021:12:21:54 +0000] "GET /cms/wp-includes/wlwmanifest.xml HTTP/1.1" 200 2373 "-" "Mozilla/5.0 (Windows NT 10.0; Win64; x64) AppleWebKit/537.36 (KHTML, like Gecko) Chrome/88.0.4240.193 Safari/537.36"
::ffff:127.0.0.1 - - [02/Mar/2021:12:21:54 +0000] "GET /sito/wp-includes/wlwmanifest.xml HTTP/1.1" 200 2373 "-" "Mozilla/5.0 (Windows NT 10.0; Win64; x64) AppleWebKit/537.36 (KHTML, like Gecko) Chrome/88.0.4240.193 Safari/537.36"
::1 - - [02/Mar/2021:12:37:37 +0000] "GET / HTTP/1.1" 200 2373 "-" "-"
::ffff:127.0.0.1 - - [02/Mar/2021:13:20:47 +0000] "GET /api/impact-area/global HTTP/1.1" 304 - "http://localhost:3000/" "Mozilla/5.0 (Macintosh; Intel Mac OS X 10_15_7) AppleWebKit/537.36 (KHTML, like Gecko) Chrome/88.0.4324.192 Safari/537.36"
::1 - - [02/Mar/2021:13:20:47 +0000] "GET /api/organization-type/ HTTP/1.1" 304 - "http://localhost:3000/" "Mozilla/5.0 (Macintosh; Intel Mac OS X 10_15_7) AppleWebKit/537.36 (KHTML, like Gecko) Chrome/88.0.4324.192 Safari/537.36"
::ffff:127.0.0.1 - - [02/Mar/2021:13:27:42 +0000] "GET /api/impact-area/global HTTP/1.1" 304 - "http://localhost:3000/" "Mozilla/5.0 (Macintosh; Intel Mac OS X 10_15_7) AppleWebKit/537.36 (KHTML, like Gecko) Chrome/88.0.4324.192 Safari/537.36"
::1 - - [02/Mar/2021:13:27:42 +0000] "GET /api/organization-type/ HTTP/1.1" 304 - "http://localhost:3000/" "Mozilla/5.0 (Macintosh; Intel Mac OS X 10_15_7) AppleWebKit/537.36 (KHTML, like Gecko) Chrome/88.0.4324.192 Safari/537.36"
::ffff:127.0.0.1 - - [02/Mar/2021:13:28:30 +0000] "GET /api/impact-area/global HTTP/1.1" 304 - "http://localhost:3000/" "Mozilla/5.0 (Macintosh; Intel Mac OS X 10_15_7) AppleWebKit/537.36 (KHTML, like Gecko) Chrome/88.0.4324.192 Safari/537.36"
::1 - - [02/Mar/2021:13:28:30 +0000] "GET /api/organization-type/ HTTP/1.1" 304 - "http://localhost:3000/" "Mozilla/5.0 (Macintosh; Intel Mac OS X 10_15_7) AppleWebKit/537.36 (KHTML, like Gecko) Chrome/88.0.4324.192 Safari/537.36"
::ffff:127.0.0.1 - - [02/Mar/2021:13:29:41 +0000] "GET /api/impact-area/global HTTP/1.1" 304 - "http://localhost:3000/" "Mozilla/5.0 (Macintosh; Intel Mac OS X 10_15_7) AppleWebKit/537.36 (KHTML, like Gecko) Chrome/88.0.4324.192 Safari/537.36"
::1 - - [02/Mar/2021:13:29:41 +0000] "GET /api/organization-type/ HTTP/1.1" 304 - "http://localhost:3000/" "Mozilla/5.0 (Macintosh; Intel Mac OS X 10_15_7) AppleWebKit/537.36 (KHTML, like Gecko) Chrome/88.0.4324.192 Safari/537.36"
::ffff:127.0.0.1 - - [02/Mar/2021:13:30:30 +0000] "GET /api/impact-area/global HTTP/1.1" 304 - "http://localhost:3000/" "Mozilla/5.0 (Macintosh; Intel Mac OS X 10_15_7) AppleWebKit/537.36 (KHTML, like Gecko) Chrome/88.0.4324.192 Safari/537.36"
::1 - - [02/Mar/2021:13:30:30 +0000] "GET /api/organization-type/ HTTP/1.1" 304 - "http://localhost:3000/" "Mozilla/5.0 (Macintosh; Intel Mac OS X 10_15_7) AppleWebKit/537.36 (KHTML, like Gecko) Chrome/88.0.4324.192 Safari/537.36"
::ffff:127.0.0.1 - - [02/Mar/2021:13:30:32 +0000] "GET /api/impact-area/global HTTP/1.1" 200 8156 "http://localhost:3000/" "Mozilla/5.0 (Macintosh; Intel Mac OS X 10_15_7) AppleWebKit/537.36 (KHTML, like Gecko) Chrome/88.0.4324.192 Safari/537.36"
::1 - - [02/Mar/2021:13:30:32 +0000] "GET /api/organization-type/ HTTP/1.1" 200 1861 "http://localhost:3000/" "Mozilla/5.0 (Macintosh; Intel Mac OS X 10_15_7) AppleWebKit/537.36 (KHTML, like Gecko) Chrome/88.0.4324.192 Safari/537.36"
::ffff:127.0.0.1 - - [02/Mar/2021:13:31:12 +0000] "GET /api/impact-area/global HTTP/1.1" 304 - "http://localhost:3000/" "Mozilla/5.0 (Macintosh; Intel Mac OS X 10_15_7) AppleWebKit/537.36 (KHTML, like Gecko) Chrome/88.0.4324.192 Safari/537.36"
::1 - - [02/Mar/2021:13:31:12 +0000] "GET /api/organization-type/ HTTP/1.1" 304 - "http://localhost:3000/" "Mozilla/5.0 (Macintosh; Intel Mac OS X 10_15_7) AppleWebKit/537.36 (KHTML, like Gecko) Chrome/88.0.4324.192 Safari/537.36"
::ffff:127.0.0.1 - - [02/Mar/2021:13:31:37 +0000] "GET /api/impact-area/global HTTP/1.1" 304 - "http://localhost:3000/" "Mozilla/5.0 (Macintosh; Intel Mac OS X 10_15_7) AppleWebKit/537.36 (KHTML, like Gecko) Chrome/88.0.4324.192 Safari/537.36"
::1 - - [02/Mar/2021:13:31:37 +0000] "GET /api/organization-type/ HTTP/1.1" 304 - "http://localhost:3000/" "Mozilla/5.0 (Macintosh; Intel Mac OS X 10_15_7) AppleWebKit/537.36 (KHTML, like Gecko) Chrome/88.0.4324.192 Safari/537.36"
::ffff:127.0.0.1 - - [02/Mar/2021:13:58:39 +0000] "GET /api/impact-area/global HTTP/1.1" 304 - "http://localhost:3000/" "Mozilla/5.0 (Macintosh; Intel Mac OS X 10_15_7) AppleWebKit/537.36 (KHTML, like Gecko) Chrome/88.0.4324.192 Safari/537.36"
::1 - - [02/Mar/2021:13:58:39 +0000] "GET /api/organization-type/ HTTP/1.1" 304 - "http://localhost:3000/" "Mozilla/5.0 (Macintosh; Intel Mac OS X 10_15_7) AppleWebKit/537.36 (KHTML, like Gecko) Chrome/88.0.4324.192 Safari/537.36"
::ffff:127.0.0.1 - - [02/Mar/2021:14:06:42 +0000] "GET /api/organization-type/ HTTP/1.1" 304 - "http://localhost:3000/" "Mozilla/5.0 (Macintosh; Intel Mac OS X 10_15_7) AppleWebKit/537.36 (KHTML, like Gecko) Chrome/88.0.4324.192 Safari/537.36"
::1 - - [02/Mar/2021:14:06:42 +0000] "GET /api/impact-area/global HTTP/1.1" 304 - "http://localhost:3000/" "Mozilla/5.0 (Macintosh; Intel Mac OS X 10_15_7) AppleWebKit/537.36 (KHTML, like Gecko) Chrome/88.0.4324.192 Safari/537.36"
::ffff:127.0.0.1 - - [02/Mar/2021:14:06:48 +0000] "GET /api/impact-area/global HTTP/1.1" 304 - "http://localhost:3000/" "Mozilla/5.0 (Macintosh; Intel Mac OS X 10_15_7) AppleWebKit/537.36 (KHTML, like Gecko) Chrome/88.0.4324.192 Safari/537.36"
::1 - - [02/Mar/2021:14:06:48 +0000] "GET /api/organization-type/ HTTP/1.1" 304 - "http://localhost:3000/" "Mozilla/5.0 (Macintosh; Intel Mac OS X 10_15_7) AppleWebKit/537.36 (KHTML, like Gecko) Chrome/88.0.4324.192 Safari/537.36"
::ffff:127.0.0.1 - - [02/Mar/2021:14:08:27 +0000] "GET /api/impact-area/global HTTP/1.1" 304 - "http://localhost:3000/" "Mozilla/5.0 (Macintosh; Intel Mac OS X 10_15_7) AppleWebKit/537.36 (KHTML, like Gecko) Chrome/88.0.4324.192 Safari/537.36"
::1 - - [02/Mar/2021:14:08:27 +0000] "GET /api/organization-type/ HTTP/1.1" 304 - "http://localhost:3000/" "Mozilla/5.0 (Macintosh; Intel Mac OS X 10_15_7) AppleWebKit/537.36 (KHTML, like Gecko) Chrome/88.0.4324.192 Safari/537.36"
::ffff:127.0.0.1 - - [02/Mar/2021:14:08:30 +0000] "GET /api/impact-area/global HTTP/1.1" 304 - "http://localhost:3000/" "Mozilla/5.0 (Macintosh; Intel Mac OS X 10_15_7) AppleWebKit/537.36 (KHTML, like Gecko) Chrome/88.0.4324.192 Safari/537.36"
::1 - - [02/Mar/2021:14:08:30 +0000] "GET /api/organization-type/ HTTP/1.1" 304 - "http://localhost:3000/" "Mozilla/5.0 (Macintosh; Intel Mac OS X 10_15_7) AppleWebKit/537.36 (KHTML, like Gecko) Chrome/88.0.4324.192 Safari/537.36"
::ffff:127.0.0.1 - - [02/Mar/2021:14:08:38 +0000] "GET /api/users/organization?name=%22nz%22&impactArea=[%2260365a9588a0b357534e37af%22,%2260365a9588a0b357534e37ae%22]&organizationType=[%2260365ab988a0b357534e37cf%22,%2260365ab988a0b357534e37cd%22]&serviceArea=%22zxc%22&address=%22asd%22&keyword=%22zxxc%22&keywords=[] HTTP/1.1" 200 1215651 "http://localhost:3000/" "Mozilla/5.0 (Macintosh; Intel Mac OS X 10_15_7) AppleWebKit/537.36 (KHTML, like Gecko) Chrome/88.0.4324.192 Safari/537.36"
::1 - - [02/Mar/2021:14:08:41 +0000] "GET /default-images/default-organization-profile-picture.png HTTP/1.1" 304 - "http://localhost:3000/" "Mozilla/5.0 (Macintosh; Intel Mac OS X 10_15_7) AppleWebKit/537.36 (KHTML, like Gecko) Chrome/88.0.4324.192 Safari/537.36"
::ffff:127.0.0.1 - - [02/Mar/2021:14:09:05 +0000] "GET /api/users/organization?name=%22nz%22&impactArea=[null,null]&organizationType=[null,null]&serviceArea=%22zxc%22&address=%22asd%22&keyword=%22zxxc%22&keywords=[] HTTP/1.1" 200 1215651 "http://localhost:3000/" "Mozilla/5.0 (Macintosh; Intel Mac OS X 10_15_7) AppleWebKit/537.36 (KHTML, like Gecko) Chrome/88.0.4324.192 Safari/537.36"
::1 - - [02/Mar/2021:14:47:34 +0000] "GET / HTTP/1.1" 200 2373 "-" "Mozilla/5.0 zgrab/0.x"
::ffff:127.0.0.1 - - [02/Mar/2021:14:49:12 +0000] "GET /ok.txt HTTP/1.1" 200 2373 "-" "python-requests/2.25.1"
::1 - - [02/Mar/2021:15:26:55 +0000] "GET /config/getuser?index=0 HTTP/1.1" 200 2373 "-" "Mozilla/5.0 (X11; Ubuntu; Linux x86_64; rv:76.0) Gecko/20100101 Firefox/76.0"
::ffff:127.0.0.1 - - [02/Mar/2021:16:28:11 +0000] "GET /wp-login.php HTTP/1.1" 200 2373 "-" "Mozilla/5.0(Windows NT 6.3; Win64; x64; rv:84.0) Gecko/20100101 Firefox/84.0"
::1 - - [02/Mar/2021:17:34:04 +0000] "GET / HTTP/1.1" 200 2373 "-" "Mozilla/5.0 (Windows NT 6.1; WOW64) AppleWebKit/537.36 (KHTML, like Gecko) Chrome/52.0.2743.116 Safari/537.36"
::ffff:127.0.0.1 - - [02/Mar/2021:17:56:06 +0000] "GET / HTTP/1.1" 200 2373 "-" "Mozilla/5.0 (Windows NT 10.0; Win64; x64) AppleWebKit/537.36 (KHTML, like Gecko) Chrome/63.0.3239.132 Safari/537.36"
::1 - - [02/Mar/2021:17:56:06 +0000] "GET /wp-includes/wlwmanifest.xml HTTP/1.1" 200 2373 "-" "Mozilla/5.0 (Windows NT 10.0; Win64; x64) AppleWebKit/537.36 (KHTML, like Gecko) Chrome/63.0.3239.132 Safari/537.36"
::ffff:127.0.0.1 - - [02/Mar/2021:17:56:06 +0000] "GET /xmlrpc.php?rsd HTTP/1.1" 200 2373 "-" "Mozilla/5.0 (Windows NT 10.0; Win64; x64) AppleWebKit/537.36 (KHTML, like Gecko) Chrome/63.0.3239.132 Safari/537.36"
::1 - - [02/Mar/2021:17:56:06 +0000] "GET / HTTP/1.1" 200 2373 "-" "Mozilla/5.0 (Windows NT 10.0; Win64; x64) AppleWebKit/537.36 (KHTML, like Gecko) Chrome/63.0.3239.132 Safari/537.36"
::ffff:127.0.0.1 - - [02/Mar/2021:17:56:06 +0000] "GET /blog/wp-includes/wlwmanifest.xml HTTP/1.1" 200 2373 "-" "Mozilla/5.0 (Windows NT 10.0; Win64; x64) AppleWebKit/537.36 (KHTML, like Gecko) Chrome/63.0.3239.132 Safari/537.36"
::1 - - [02/Mar/2021:17:56:07 +0000] "GET /wordpress/wp-includes/wlwmanifest.xml HTTP/1.1" 200 2373 "-" "Mozilla/5.0 (Windows NT 10.0; Win64; x64) AppleWebKit/537.36 (KHTML, like Gecko) Chrome/63.0.3239.132 Safari/537.36"
::ffff:127.0.0.1 - - [02/Mar/2021:17:56:07 +0000] "GET /wp/wp-includes/wlwmanifest.xml HTTP/1.1" 200 2373 "-" "Mozilla/5.0 (Windows NT 10.0; Win64; x64) AppleWebKit/537.36 (KHTML, like Gecko) Chrome/63.0.3239.132 Safari/537.36"
::1 - - [02/Mar/2021:17:56:07 +0000] "GET /site/wp-includes/wlwmanifest.xml HTTP/1.1" 200 2373 "-" "Mozilla/5.0 (Windows NT 10.0; Win64; x64) AppleWebKit/537.36 (KHTML, like Gecko) Chrome/63.0.3239.132 Safari/537.36"
::ffff:127.0.0.1 - - [02/Mar/2021:17:56:07 +0000] "GET /cms/wp-includes/wlwmanifest.xml HTTP/1.1" 200 2373 "-" "Mozilla/5.0 (Windows NT 10.0; Win64; x64) AppleWebKit/537.36 (KHTML, like Gecko) Chrome/63.0.3239.132 Safari/537.36"
::1 - - [02/Mar/2021:18:13:45 +0000] "GET / HTTP/1.1" 200 2373 "-" "NetSystemsResearch studies the availability of various services across the internet. Our website is netsystemsresearch.com"
::ffff:127.0.0.1 - - [02/Mar/2021:19:49:43 +0000] "GET /administrator/ HTTP/1.1" 200 2373 "-" "Mozilla/5.0 (Windows NT 6.0; rv:34.0) Gecko/20100101 Firefox/34.0"
::1 - - [02/Mar/2021:19:49:43 +0000] "GET /administrator/index.php HTTP/1.1" 200 2373 "http://sky4242.com/administrator/" "Mozilla/5.0 (Windows NT 6.0; rv:34.0) Gecko/20100101 Firefox/34.0"
::ffff:127.0.0.1 - - [02/Mar/2021:19:51:06 +0000] "GET /wp-login.php HTTP/1.1" 200 2373 "-" "Mozilla/5.0 (Windows NT 6.0; rv:34.0) Gecko/20100101 Firefox/34.0"
::1 - - [02/Mar/2021:19:51:07 +0000] "GET /wp-admin/ HTTP/1.1" 200 2373 "http://sky4242.com/wp-login.php" "Mozilla/5.0 (Windows NT 6.0; rv:34.0) Gecko/20100101 Firefox/34.0"
::ffff:127.0.0.1 - - [02/Mar/2021:19:52:10 +0000] "GET /admin.php HTTP/1.1" 200 2373 "-" "Mozilla/5.0 (Windows NT 6.0; rv:34.0) Gecko/20100101 Firefox/34.0"
::1 - - [02/Mar/2021:19:53:18 +0000] "GET /admin HTTP/1.1" 200 2373 "-" "Mozilla/5.0 (Windows NT 6.0; rv:34.0) Gecko/20100101 Firefox/34.0"
::ffff:127.0.0.1 - - [02/Mar/2021:19:54:03 +0000] "GET /admin HTTP/1.1" 200 2373 "-" "Mozilla/5.0 (Windows NT 6.0; rv:34.0) Gecko/20100101 Firefox/34.0"
::1 - - [02/Mar/2021:19:54:46 +0000] "GET /admin/ HTTP/1.1" 200 2373 "-" "Mozilla/5.0 (Windows NT 6.0; rv:34.0) Gecko/20100101 Firefox/34.0"
::ffff:127.0.0.1 - - [02/Mar/2021:20:04:30 +0000] "GET / HTTP/1.1" 200 2373 "-" "-"
::1 - - [02/Mar/2021:20:11:21 +0000] "GET /administrator/ HTTP/1.1" 200 2373 "-" "Mozilla/5.0 (Windows NT 6.0; rv:34.0) Gecko/20100101 Firefox/34.0"
::ffff:127.0.0.1 - - [02/Mar/2021:20:11:22 +0000] "GET /administrator/index.php HTTP/1.1" 200 2373 "http://sky4242.com/administrator/" "Mozilla/5.0 (Windows NT 6.0; rv:34.0) Gecko/20100101 Firefox/34.0"
::1 - - [02/Mar/2021:20:12:11 +0000] "GET / HTTP/1.1" 200 2373 "-" "Mozilla/5.0 (Windows NT 10.0; Win64; x64) AppleWebKit/537.36 (KHTML, like Gecko) Chrome/78.0.3904.108 Safari/537.36"
::ffff:127.0.0.1 - - [02/Mar/2021:20:12:59 +0000] "GET /wp-login.php HTTP/1.1" 200 2373 "-" "Mozilla/5.0 (Windows NT 6.0; rv:34.0) Gecko/20100101 Firefox/34.0"
::1 - - [02/Mar/2021:20:13:00 +0000] "GET /wp-admin/ HTTP/1.1" 200 2373 "http://sky4242.com/wp-login.php" "Mozilla/5.0 (Windows NT 6.0; rv:34.0) Gecko/20100101 Firefox/34.0"
::ffff:127.0.0.1 - - [02/Mar/2021:20:13:48 +0000] "GET /admin.php HTTP/1.1" 200 2373 "-" "Mozilla/5.0 (Windows NT 6.0; rv:34.0) Gecko/20100101 Firefox/34.0"
::1 - - [02/Mar/2021:20:14:23 +0000] "GET /admin HTTP/1.1" 200 2373 "-" "Mozilla/5.0 (Windows NT 6.0; rv:34.0) Gecko/20100101 Firefox/34.0"
::ffff:127.0.0.1 - - [02/Mar/2021:20:14:57 +0000] "GET /admin HTTP/1.1" 200 2373 "-" "Mozilla/5.0 (Windows NT 6.0; rv:34.0) Gecko/20100101 Firefox/34.0"
::1 - - [02/Mar/2021:20:15:33 +0000] "GET /admin/ HTTP/1.1" 200 2373 "-" "Mozilla/5.0 (Windows NT 6.0; rv:34.0) Gecko/20100101 Firefox/34.0"
::ffff:127.0.0.1 - - [02/Mar/2021:20:20:39 +0000] "GET /administrator/ HTTP/1.1" 200 2373 "-" "Mozilla/5.0 (Windows NT 6.0; rv:34.0) Gecko/20100101 Firefox/34.0"
::1 - - [02/Mar/2021:20:20:39 +0000] "GET /administrator/index.php HTTP/1.1" 200 2373 "http://sky4242.com/administrator/" "Mozilla/5.0 (Windows NT 6.0; rv:34.0) Gecko/20100101 Firefox/34.0"
::ffff:127.0.0.1 - - [02/Mar/2021:20:23:34 +0000] "GET / HTTP/1.1" 200 2373 "-" "Mozilla/5.0 (Windows NT 10.0; WOW64) AppleWebKit/537.36 (KHTML, like Gecko) Chrome/52.0.2743.116 Safari/537.36"
::1 - - [02/Mar/2021:20:25:28 +0000] "GET /wp-login.php HTTP/1.1" 200 2373 "-" "Mozilla/5.0 (Windows NT 6.0; rv:34.0) Gecko/20100101 Firefox/34.0"
::ffff:127.0.0.1 - - [02/Mar/2021:20:25:29 +0000] "GET /wp-admin/ HTTP/1.1" 200 2373 "http://sky4242.com/wp-login.php" "Mozilla/5.0 (Windows NT 6.0; rv:34.0) Gecko/20100101 Firefox/34.0"
::1 - - [02/Mar/2021:20:27:45 +0000] "GET /admin.php HTTP/1.1" 200 2373 "-" "Mozilla/5.0 (Windows NT 6.0; rv:34.0) Gecko/20100101 Firefox/34.0"
::ffff:127.0.0.1 - - [02/Mar/2021:20:30:11 +0000] "GET /admin HTTP/1.1" 200 2373 "-" "Mozilla/5.0 (Windows NT 6.0; rv:34.0) Gecko/20100101 Firefox/34.0"
::1 - - [02/Mar/2021:20:32:42 +0000] "GET /admin HTTP/1.1" 200 2373 "-" "Mozilla/5.0 (Windows NT 6.0; rv:34.0) Gecko/20100101 Firefox/34.0"
::ffff:127.0.0.1 - - [02/Mar/2021:20:34:57 +0000] "GET /admin/ HTTP/1.1" 200 2373 "-" "Mozilla/5.0 (Windows NT 6.0; rv:34.0) Gecko/20100101 Firefox/34.0"
::1 - - [02/Mar/2021:20:39:07 +0000] "GET /administrator/ HTTP/1.1" 200 2373 "-" "Mozilla/5.0 (Windows NT 6.0; rv:34.0) Gecko/20100101 Firefox/34.0"
::ffff:127.0.0.1 - - [02/Mar/2021:20:39:07 +0000] "GET /administrator/index.php HTTP/1.1" 200 2373 "http://sky4242.com/administrator/" "Mozilla/5.0 (Windows NT 6.0; rv:34.0) Gecko/20100101 Firefox/34.0"
::1 - - [02/Mar/2021:20:40:33 +0000] "GET / HTTP/1.1" 200 2373 "-" "Mozilla/5.0 (Macintosh; U; Intel Mac OS X 10_6_8; en-us) AppleWebKit/534.50 (KHTML, like Gecko) Version/5.1 Safari/534.50"
::ffff:127.0.0.1 - - [02/Mar/2021:20:41:08 +0000] "GET /wp-login.php HTTP/1.1" 200 2373 "-" "Mozilla/5.0 (Windows NT 6.0; rv:34.0) Gecko/20100101 Firefox/34.0"
::1 - - [02/Mar/2021:20:41:09 +0000] "GET /wp-admin/ HTTP/1.1" 200 2373 "http://sky4242.com/wp-login.php" "Mozilla/5.0 (Windows NT 6.0; rv:34.0) Gecko/20100101 Firefox/34.0"
::ffff:127.0.0.1 - - [02/Mar/2021:20:41:54 +0000] "GET /admin.php HTTP/1.1" 200 2373 "-" "Mozilla/5.0 (Windows NT 6.0; rv:34.0) Gecko/20100101 Firefox/34.0"
::1 - - [02/Mar/2021:20:42:24 +0000] "GET /admin HTTP/1.1" 200 2373 "-" "Mozilla/5.0 (Windows NT 6.0; rv:34.0) Gecko/20100101 Firefox/34.0"
::ffff:127.0.0.1 - - [02/Mar/2021:20:42:49 +0000] "GET /admin HTTP/1.1" 200 2373 "-" "Mozilla/5.0 (Windows NT 6.0; rv:34.0) Gecko/20100101 Firefox/34.0"
::1 - - [02/Mar/2021:20:43:15 +0000] "GET /admin/ HTTP/1.1" 200 2373 "-" "Mozilla/5.0 (Windows NT 6.0; rv:34.0) Gecko/20100101 Firefox/34.0"
::1 - - [02/Mar/2021:20:44:15 +0000] "POST /api/jsonws/invoke HTTP/1.1" 404 157 "-" "Mozilla/5.0 (Windows NT 10.0; Win64; x64) AppleWebKit/537.36 (KHTML, like Gecko) Chrome/78.0.3904.108 Safari/537.36"
::ffff:127.0.0.1 - - [02/Mar/2021:20:44:15 +0000] "GET /solr/admin/info/system?wt=json HTTP/1.1" 200 2373 "-" "Mozilla/5.0 (Windows NT 10.0; Win64; x64) AppleWebKit/537.36 (KHTML, like Gecko) Chrome/78.0.3904.108 Safari/537.36"
::ffff:127.0.0.1 - - [02/Mar/2021:20:44:16 +0000] "POST /vendor/phpunit/phpunit/src/Util/PHP/eval-stdin.php HTTP/1.1" 404 190 "-" "Mozilla/5.0 (Windows NT 10.0; Win64; x64) AppleWebKit/537.36 (KHTML, like Gecko) Chrome/78.0.3904.108 Safari/537.36"
::1 - - [02/Mar/2021:20:44:16 +0000] "GET /?a=fetch&content=<php>die(@md5(HelloThinkCMF))</php> HTTP/1.1" 200 2373 "-" "Mozilla/5.0 (Windows NT 10.0; Win64; x64) AppleWebKit/537.36 (KHTML, like Gecko) Chrome/78.0.3904.108 Safari/537.36"
::ffff:127.0.0.1 - - [02/Mar/2021:20:44:16 +0000] "GET /vendor/phpunit/phpunit/src/Util/PHP/eval-stdin.php HTTP/1.1" 200 2373 "-" "Mozilla/5.0 (Windows NT 10.0; Win64; x64) AppleWebKit/537.36 (KHTML, like Gecko) Chrome/78.0.3904.108 Safari/537.36"
::1 - - [02/Mar/2021:20:44:17 +0000] "GET /?XDEBUG_SESSION_START=phpstorm HTTP/1.1" 200 2373 "-" "Mozilla/5.0 (Windows NT 10.0; Win64; x64) AppleWebKit/537.36 (KHTML, like Gecko) Chrome/78.0.3904.108 Safari/537.36"
::ffff:127.0.0.1 - - [02/Mar/2021:20:44:17 +0000] "GET /console/ HTTP/1.1" 200 2373 "-" "Mozilla/5.0 (Windows NT 10.0; Win64; x64) AppleWebKit/537.36 (KHTML, like Gecko) Chrome/78.0.3904.108 Safari/537.36"
::1 - - [02/Mar/2021:20:44:18 +0000] "POST /Autodiscover/Autodiscover.xml HTTP/1.1" 404 169 "-" "Mozilla/5.0 (Windows NT 10.0; Win64; x64) AppleWebKit/537.36 (KHTML, like Gecko) Chrome/78.0.3904.108 Safari/537.36"
::ffff:127.0.0.1 - - [02/Mar/2021:20:44:18 +0000] "GET /wp-content/plugins/wp-file-manager/readme.txt HTTP/1.1" 200 2373 "-" "Mozilla/5.0 (Windows NT 10.0; Win64; x64) AppleWebKit/537.36 (KHTML, like Gecko) Chrome/78.0.3904.108 Safari/537.36"
::1 - - [02/Mar/2021:20:44:19 +0000] "GET /index.php?s=/Index/\think\app/invokefunction&function=call_user_func_array&vars[0]=md5&vars[1][]=HelloThinkPHP21 HTTP/1.1" 200 2373 "-" "Mozilla/5.0 (Windows NT 10.0; Win64; x64) AppleWebKit/537.36 (KHTML, like Gecko) Chrome/78.0.3904.108 Safari/537.36"
::ffff:127.0.0.1 - - [02/Mar/2021:20:44:19 +0000] "GET /_ignition/execute-solution HTTP/1.1" 200 2373 "-" "Mozilla/5.0 (Windows NT 10.0; Win64; x64) AppleWebKit/537.36 (KHTML, like Gecko) Chrome/78.0.3904.108 Safari/537.36"
::1 - - [02/Mar/2021:21:03:48 +0000] "GET /.env HTTP/1.1" 200 2373 "-" "Mozilla/5.0 (X11; Linux x86_64) AppleWebKit/537.36 (KHTML, like Gecko) Chrome/81.0.4044.129 Safari/537.36"
::ffff:127.0.0.1 - - [02/Mar/2021:21:03:48 +0000] "POST / HTTP/1.1" 404 140 "-" "Mozilla/5.0 (X11; Linux x86_64) AppleWebKit/537.36 (KHTML, like Gecko) Chrome/81.0.4044.129 Safari/537.36"
::1 - - [02/Mar/2021:21:23:40 +0000] "GET / HTTP/1.1" 200 2373 "-" "Mozilla/5.0 zgrab/0.x"
::ffff:127.0.0.1 - - [02/Mar/2021:22:17:27 +0000] "GET / HTTP/1.1" 200 2373 "-" "Mozilla/5.0 (Windows NT 10.0; Win64; x64) AppleWebKit/537.36 (KHTML, like Gecko) Chrome/60.0.3112.113 Safari/537.36"
::1 - - [03/Mar/2021:00:33:48 +0000] "GET /portal/redlion HTTP/1.1" 200 2373 "-" "Mozilla/5.0 zgrab/0.x"
::ffff:127.0.0.1 - - [03/Mar/2021:01:03:35 +0000] "GET / HTTP/1.1" 200 2373 "-" "Mozilla/5.0 (Windows NT 10.0; Win64; x64) AppleWebKit/537.36 (KHTML, like Gecko) Chrome/74.0.3729.131 Safari/537.36"
::1 - - [03/Mar/2021:01:44:00 +0000] "GET / HTTP/1.1" 200 2373 "-" "Mozilla/5.0 (Windows NT 10.0; Win64; x64) AppleWebKit/537.36 (KHTML, like Gecko) Chrome/83.0.4103.61 Safari/537.36"
::ffff:127.0.0.1 - - [03/Mar/2021:01:44:00 +0000] "GET /favicon.ico HTTP/1.1" 200 3870 "-" "Mozilla/5.0 (Windows NT 10.0; Win64; x64) AppleWebKit/537.36 (KHTML, like Gecko) Chrome/83.0.4103.61 Safari/537.36"
::1 - - [03/Mar/2021:02:22:31 +0000] "GET / HTTP/1.1" 200 2373 "-" "Mozilla/5.0 (Windows NT 10.0; Win64; x64) AppleWebKit/537.36 (KHTML, like Gecko) Chrome/63.0.3239.132 Safari/537.36"
::ffff:127.0.0.1 - - [03/Mar/2021:02:22:32 +0000] "GET /wp-includes/wlwmanifest.xml HTTP/1.1" 200 2373 "-" "Mozilla/5.0 (Windows NT 10.0; Win64; x64) AppleWebKit/537.36 (KHTML, like Gecko) Chrome/63.0.3239.132 Safari/537.36"
::1 - - [03/Mar/2021:02:22:32 +0000] "GET /xmlrpc.php?rsd HTTP/1.1" 200 2373 "-" "Mozilla/5.0 (Windows NT 10.0; Win64; x64) AppleWebKit/537.36 (KHTML, like Gecko) Chrome/63.0.3239.132 Safari/537.36"
::ffff:127.0.0.1 - - [03/Mar/2021:02:22:32 +0000] "GET / HTTP/1.1" 200 2373 "-" "Mozilla/5.0 (Windows NT 10.0; Win64; x64) AppleWebKit/537.36 (KHTML, like Gecko) Chrome/63.0.3239.132 Safari/537.36"
::1 - - [03/Mar/2021:02:22:32 +0000] "GET /blog/wp-includes/wlwmanifest.xml HTTP/1.1" 200 2373 "-" "Mozilla/5.0 (Windows NT 10.0; Win64; x64) AppleWebKit/537.36 (KHTML, like Gecko) Chrome/63.0.3239.132 Safari/537.36"
::ffff:127.0.0.1 - - [03/Mar/2021:02:22:32 +0000] "GET /wordpress/wp-includes/wlwmanifest.xml HTTP/1.1" 200 2373 "-" "Mozilla/5.0 (Windows NT 10.0; Win64; x64) AppleWebKit/537.36 (KHTML, like Gecko) Chrome/63.0.3239.132 Safari/537.36"
